
[1m[46m RUN [49m[22m [36mv3.2.4 [39m[90mC:/Users/Admin/Desktop/smetalab v1.1/smetalab v6[39m

[90mstdout[2m | tests/integration/verify_permissions_boundary.test.js
[22m[39mтЬЕ Vitest setup completed

[90mstdout[2m | tests/integration/verify_permissions_boundary.test.js
[22m[39m[dotenv@17.2.3] injecting env (19) from .env -- tip: ЁЯЧВя╕П backup and recover secrets: https://dotenvx.com/ops

[90mstdout[2m | tests/integration/verify_permissions_boundary.test.js
[22m[39m[dotenv@17.2.3] injecting env (0) from .env -- tip: тЪЩя╕П  enable debug logging with { debug: true }

[90mstdout[2m | tests/integration/verify_permissions_boundary.test.js
[22m[39m[dotenv@17.2.3] injecting env (0) from .env -- tip: ЁЯФС add access controls to secrets: https://dotenvx.com/ops

[90mstdout[2m | tests/integration/verify_permissions_boundary.test.js
[22m[39m
ЁЯЪА Express API server running on http://localhost:3001
ЁЯУЪ API Documentation: http://localhost:3001/api-docs
я┐╜ЁЯУК Health check: http://localhost:3001/api/health
ЁЯФР Auth endpoints: http://localhost:3001/api/auth/*
ЁЯУЛ Works endpoints: http://localhost:3001/api/works
ЁЯФз Materials endpoints: http://localhost:3001/api/materials
ЁЯФЧ Work-Materials endpoints: http://localhost:3001/api/work-materials
ЁЯПЧя╕П  Projects endpoints: http://localhost:3001/api/projects


[90mstdout[2m | tests/integration/verify_permissions_boundary.test.js[2m > [22m[2mPermissions Boundary Check[2m > [22m[2mshould register a new user (admin by default)
[22m[39m2026-01-12T09:45:37.059Z - POST /api/auth/register

[90mstdout[2m | tests/integration/verify_permissions_boundary.test.js[2m > [22m[2mPermissions Boundary Check[2m > [22m[2mshould register a new user (admin by default)
[22m[39mтЬЕ Admin ╤А╨╛╨╗╤М ╤Б╨╛╨╖╨┤╨░╨╜╨░ ╤Б 23 ╤А╨░╨╖╤А╨╡╤И╨╡╨╜╨╕╤П╨╝╨╕ ╨╕╨╖ ╨│╨╗╨╛╨▒╨░╨╗╤М╨╜╨╛╨│╨╛ ╤И╨░╨▒╨╗╨╛╨╜╨░

[90mstdout[2m | tests/integration/verify_permissions_boundary.test.js[2m > [22m[2mPermissions Boundary Check[2m > [22m[2mshould register a new user (admin by default)
[22m[39mтЬЕ ╨б╨╛╨╖╨┤╨░╨╜╨╛ 4 ╨▒╨░╨╖╨╛╨▓╤Л╤Е ╤А╨╛╨╗╨╡╨╣ ╨┤╨╗╤П ╤В╨╡╨╜╨░╨╜╤В╨░ c4c51d3f-e3a5-4260-9e8a-c9a7ce95ff0c

[90mstdout[2m | tests/integration/verify_permissions_boundary.test.js[2m > [22m[2mPermissions Boundary Check[2m > [22m[2mshould register a new user (admin by default)
[22m[39mтЬЕ ╨б╨╛╨╖╨┤╨░╨╜╨╛ 4 ╤А╨╛╨╗╨╡╨╣ ╨┤╨╗╤П ╤В╨╡╨╜╨░╨╜╤В╨░ Boundary Company 1768211137034

[90mstdout[2m | tests/integration/verify_permissions_boundary.test.js[2m > [22m[2mPermissions Boundary Check[2m > [22m[2mshould register a new user (admin by default)
[22m[39mЁЯзк [Auth] E2E Test Mode: ╤Б╨╛╨╖╨┤╨░╨╜ ╨┐╨╛╨╗╤М╨╖╨╛╨▓╨░╤В╨╡╨╗╤М boundary_1768211137034@test.com ╤Б ╨┐╨╛╨┤╤В╨▓╨╡╤А╨╢╨┤╤С╨╜╨╜╤Л╨╝ email

[90mstdout[2m | tests/integration/verify_permissions_boundary.test.js[2m > [22m[2mPermissions Boundary Check[2m > [22m[2mshould login again to get new token with downgraded permissions
[22m[39m2026-01-12T09:45:40.715Z - POST /api/auth/login

[90mstdout[2m | tests/integration/verify_permissions_boundary.test.js[2m > [22m[2mPermissions Boundary Check[2m > [22m[2mshould login again to get new token with downgraded permissions
[22m[39mЁЯФР Login boundary_1768211137034@test.com: ╨╜╨░╨╣╨┤╨╡╨╜╨╛ 23 ╤А╨░╨╖╤А╨╡╤И╨╡╨╜╨╕╨╣ ╨┤╨╗╤П JWT ╤В╨╛╨║╨╡╨╜╨░

[90mstdout[2m | tests/integration/verify_permissions_boundary.test.js[2m > [22m[2mPermissions Boundary Check[2m > [22m[2mshould FAIL to create a project as viewer
[22m[39m2026-01-12T09:45:41.494Z - POST /api/projects

[90mstdout[2m | tests/integration/verify_permissions_boundary.test.js[2m > [22m[2mPermissions Boundary Check[2m > [22m[2mshould FAIL to create a project as viewer
[22m[39mтЬЕ Auth: User authenticated POST /projects boundary_1768211137034@test.com
тЬЕ Auth: User authenticated POST / boundary_1768211137034@test.com
тЬЕ Permission granted: projects.create for user c6f120e7-346e-489b-aec8-31cd5b79fdf1

 [31mтЭп[39m tests/integration/verify_permissions_boundary.test.js [2m([22m[2m5 tests[22m[2m | [22m[31m2 failed[39m[2m)[22m[33m 4811[2mms[22m[39m
   [33m[2mтЬУ[22m[39m Permissions Boundary Check[2m > [22mshould register a new user (admin by default) [33m 3522[2mms[22m[39m
   [32mтЬУ[39m Permissions Boundary Check[2m > [22mshould verify the user is admin and has permissions[32m 64[2mms[22m[39m
[31m   [31m├Ч[31m Permissions Boundary Check[2m > [22mshould downgrade user to viewer (remove admin role, add viewer)[39m[32m 86[2mms[22m[39m
[31m     тЖТ Cannot read properties of undefined (reading 'id')[39m
   [33m[2mтЬУ[22m[39m Permissions Boundary Check[2m > [22mshould login again to get new token with downgraded permissions [33m 779[2mms[22m[39m
[31m   [31m├Ч[31m Permissions Boundary Check[2m > [22mshould FAIL to create a project as viewer[39m[32m 287[2mms[22m[39m
[31m     тЖТ expected 201 to be 403 // Object.is equality[39m
node.exe : 
строка:1 знак:1
+ & "C:\Program Files\nodejs/node.exe" "C:\Program Files\nodejs/node_mo ...
+ ~~~~~~~~~~~~~~~~~~~~~~~~~~~~~~~~~~~~~~~~~~~~~~~~~~~~~~~~~~~~~~~~~~~~~
    + CategoryInfo          : NotSpecified: (:String) [], RemoteException
    + FullyQualifiedErrorId : NativeCommandError
 
[31mтОптОптОптОптОптОптОп[39m[1m[41m Failed Tests 2 [49m[22m[31mтОптОптОптОптОптОптОп[39m

[41m[1m FAIL [22m[49m tests/integration/verify_permissions_boundary.test.js[2m > [22mPermissions Boundary Check[
2m > [22mshould downgrade user to viewer (remove admin role, add viewer)
[31m[1mTypeError[22m: Cannot read properties of undefined (reading 'id')[39m
[36m [2mтЭп[22m tests/integration/verify_permissions_boundary.test.js:[2m55:52[22m[39m
    [90m 53| [39m        [90m// 1. Get viewer role id[39m
    [90m 54| [39m        const viewerRoleRes = await db.query(`SELECT id FROM roles WHEтАж
    [90m 55| [39m        [35mconst[39m viewerRoleId [33m=[39m viewerRoleRes[33m.[39mrows[[34m0[39m][33m.[39
mid[33m;[39m
    [90m   | [39m                                                   [31m^[39m
    [90m 56| [39m
    [90m 57| [39m        [90m// 2. Remove admin role[39m

[31m[2mтОптОптОптОптОптОптОптОптОптОптОптОптОптОптОптОптОптОптОптОптОптОптОптОп[1/2]тОп[22m[39m

[41m[1m FAIL [22m[49m tests/integration/verify_permissions_boundary.test.js[2m > [22mPermissions Boundary Check[
2m > [22mshould FAIL to create a project as viewer
[31m[1mAssertionError[22m: expected 201 to be 403 // Object.is equality[39m

[32m- Expected[39m
[31m+ Received[39m

[32m- 403[39m
[31m+ 201[39m

[36m [2mтЭп[22m tests/integration/verify_permissions_boundary.test.js:[2m107:28[22m[39m
    [90m105| [39m            })[33m;[39m
    [90m106| [39m
    [90m107| [39m        [34mexpect[39m(res[33m.[39mstatus)[33m.[39m[34mtoBe[39m([34m403[39m)[33m;[39m
    [90m   | [39m                           [31m^[39m
    [90m108| [39m        [34mexpect[39m(res[33m.[39mbody[33m.[39merror)[33m.[39m[34mtoBe[39m([32m'PERMISSI
ON_DENIED'[39m)[33m;[39m
    [90m109| [39m    })[33m;[39m

[31m[2mтОптОптОптОптОптОптОптОптОптОптОптОптОптОптОптОптОптОптОптОптОптОптОптОп[2/2]тОп[22m[39m


[2m Test Files [22m [1m[31m1 failed[39m[22m[90m (1)[39m
[2m      Tests [22m [1m[31m2 failed[39m[22m[2m | [22m[1m[32m3 passed[39m[22m[90m (5)[39m
[2m   Start at [22m 12:45:34
[2m   Duration [22m 7.45s[2m (transform 420ms, setup 131ms, collect 2.05s, tests 4.81s, environment 0ms, prepare 137ms)[22m

